MSBuild version 18.9.1+a81b43525 for .NET Framework

  1>Checking Build System
  Building Custom Rule D:/a/ddup/ddup/CMakeLists.txt
  lapi.c
  lauxlib.c
  lbaselib.c
  lcode.c
  ldblib.c
  ldebug.c
  ldo.c
  ldump.c
  lfunc.c
  lgc.c
  linit.c
  liolib.c
  llex.c
  lmathlib.c
  lmem.c
  loadlib.c
  lobject.c
  lopcodes.c
  loslib.c
  lparser.c
  Generating Code...
  Compiling...
  lstate.c
  lstring.c
  lstrlib.c
  ltable.c
  ltablib.c
  ltm.c
  lundump.c
  lvm.c
  lzio.c
  Generating Code...
  ddup_lua.vcxproj -> D:\a\ddup\ddup\build\Release\ddup_lua.lib
  Building Custom Rule D:/a/ddup/ddup/CMakeLists.txt
  xxhash.c
  ddup_xxhash.vcxproj -> D:\a\ddup\ddup\build\Release\ddup_xxhash.lib
  Building Custom Rule D:/a/ddup/ddup/CMakeLists.txt
  pal_time.c
  pal_socket.c
  pal_event.c
  pal_file.c
  pal_tls.c
  pal_iocp.c
  pal_iouring_op.c
  pal_thread.c
  pal_wakeup.c
  arena.c
  rhtable.c
  command.c
D:\a\ddup\ddup\src\core\command.c(5066,21): warning C4244: 'initializing': conversion from 'uint32_t' to 'uint16_t', possible loss of data [D:\a\ddup\ddup\build\ddup_core.vcxproj]
D:\a\ddup\ddup\src\core\command.c(13344,25): warning C4457: declaration of 's' hides function parameter [D:\a\ddup\ddup\build\ddup_core.vcxproj]
      D:\a\ddup\ddup\src\core\command.c(12922,39):
      see declaration of 's'
  
D:\a\ddup\ddup\src\core\command.c(13715,21): warning C4457: declaration of 's' hides function parameter [D:\a\ddup\ddup\build\ddup_core.vcxproj]
      D:\a\ddup\ddup\src\core\command.c(12922,39):
      see declaration of 's'
  
D:\a\ddup\ddup\src\core\command.c(13735,25): warning C4457: declaration of 's' hides function parameter [D:\a\ddup\ddup\build\ddup_core.vcxproj]
      D:\a\ddup\ddup\src\core\command.c(12922,39):
      see declaration of 's'
  
D:\a\ddup\ddup\src\core\command.c(14402,25): warning C4457: declaration of 's' hides function parameter [D:\a\ddup\ddup\build\ddup_core.vcxproj]
      D:\a\ddup\ddup\src\core\command.c(12922,39):
      see declaration of 's'
  
D:\a\ddup\ddup\src\core\command.c(14495,25): warning C4457: declaration of 's' hides function parameter [D:\a\ddup\ddup\build\ddup_core.vcxproj]
      D:\a\ddup\ddup\src\core\command.c(12922,39):
      see declaration of 's'
  
D:\a\ddup\ddup\src\core\command.c(14865,33): warning C4457: declaration of 's' hides function parameter [D:\a\ddup\ddup\build\ddup_core.vcxproj]
      D:\a\ddup\ddup\src\core\command.c(12922,39):
      see declaration of 's'
  
D:\a\ddup\ddup\src\core\command.c(14957,41): warning C4457: declaration of 's' hides function parameter [D:\a\ddup\ddup\build\ddup_core.vcxproj]
      D:\a\ddup\ddup\src\core\command.c(12922,39):
      see declaration of 's'
  
D:\a\ddup\ddup\src\core\command.c(15001,37): warning C4457: declaration of 's' hides function parameter [D:\a\ddup\ddup\build\ddup_core.vcxproj]
      D:\a\ddup\ddup\src\core\command.c(12922,39):
      see declaration of 's'
  
D:\a\ddup\ddup\src\core\command.c(15048,25): warning C4457: declaration of 's' hides function parameter [D:\a\ddup\ddup\build\ddup_core.vcxproj]
      D:\a\ddup\ddup\src\core\command.c(12922,39):
      see declaration of 's'
  
D:\a\ddup\ddup\src\core\command.c(15119,25): warning C4457: declaration of 's' hides function parameter [D:\a\ddup\ddup\build\ddup_core.vcxproj]
      D:\a\ddup\ddup\src\core\command.c(12922,39):
      see declaration of 's'
  
D:\a\ddup\ddup\src\core\command.c(15221,29): warning C4457: declaration of 's' hides function parameter [D:\a\ddup\ddup\build\ddup_core.vcxproj]
      D:\a\ddup\ddup\src\core\command.c(12922,39):
      see declaration of 's'
  
D:\a\ddup\ddup\src\core\command.c(15304,25): warning C4457: declaration of 's' hides function parameter [D:\a\ddup\ddup\build\ddup_core.vcxproj]
      D:\a\ddup\ddup\src\core\command.c(12922,39):
      see declaration of 's'
  
D:\a\ddup\ddup\src\core\command.c(15369,25): warning C4457: declaration of 's' hides function parameter [D:\a\ddup\ddup\build\ddup_core.vcxproj]
      D:\a\ddup\ddup\src\core\command.c(12922,39):
      see declaration of 's'
  
D:\a\ddup\ddup\src\core\command.c(15418,29): warning C4457: declaration of 's' hides function parameter [D:\a\ddup\ddup\build\ddup_core.vcxproj]
      D:\a\ddup\ddup\src\core\command.c(12922,39):
      see declaration of 's'
  
D:\a\ddup\ddup\src\core\command.c(15567,29): warning C4457: declaration of 's' hides function parameter [D:\a\ddup\ddup\build\ddup_core.vcxproj]
      D:\a\ddup\ddup\src\core\command.c(12922,39):
      see declaration of 's'
  
D:\a\ddup\ddup\src\core\command.c(15578,29): warning C4457: declaration of 's' hides function parameter [D:\a\ddup\ddup\build\ddup_core.vcxproj]
      D:\a\ddup\ddup\src\core\command.c(12922,39):
      see declaration of 's'
  
D:\a\ddup\ddup\src\core\command.c(15595,29): warning C4457: declaration of 's' hides function parameter [D:\a\ddup\ddup\build\ddup_core.vcxproj]
      D:\a\ddup\ddup\src\core\command.c(12922,39):
      see declaration of 's'
  
D:\a\ddup\ddup\src\core\command.c(15607,29): warning C4457: declaration of 's' hides function parameter [D:\a\ddup\ddup\build\ddup_core.vcxproj]
      D:\a\ddup\ddup\src\core\command.c(12922,39):
      see declaration of 's'
  
D:\a\ddup\ddup\src\core\command.c(15644,29): warning C4457: declaration of 's' hides function parameter [D:\a\ddup\ddup\build\ddup_core.vcxproj]
      D:\a\ddup\ddup\src\core\command.c(12922,39):
      see declaration of 's'
  
D:\a\ddup\ddup\src\core\command.c(15714,25): warning C4457: declaration of 's' hides function parameter [D:\a\ddup\ddup\build\ddup_core.vcxproj]
      D:\a\ddup\ddup\src\core\command.c(12922,39):
      see declaration of 's'
  
D:\a\ddup\ddup\src\core\command.c(15963,21): warning C4457: declaration of 's' hides function parameter [D:\a\ddup\ddup\build\ddup_core.vcxproj]
      D:\a\ddup\ddup\src\core\command.c(12922,39):
      see declaration of 's'
  
D:\a\ddup\ddup\src\core\command.c(16020,21): warning C4457: declaration of 's' hides function parameter [D:\a\ddup\ddup\build\ddup_core.vcxproj]
      D:\a\ddup\ddup\src\core\command.c(12922,39):
      see declaration of 's'
  
D:\a\ddup\ddup\src\core\command.c(16354,29): warning C4457: declaration of 's' hides function parameter [D:\a\ddup\ddup\build\ddup_core.vcxproj]
      D:\a\ddup\ddup\src\core\command.c(12922,39):
      see declaration of 's'
  
D:\a\ddup\ddup\src\core\command.c(16686,18): warning C4457: declaration of 's' hides function parameter [D:\a\ddup\ddup\build\ddup_core.vcxproj]
      D:\a\ddup\ddup\src\core\command.c(12922,39):
      see declaration of 's'
  
D:\a\ddup\ddup\src\core\command.c(18414,30): error C2057: expected constant expression [D:\a\ddup\ddup\build\ddup_core.vcxproj]
D:\a\ddup\ddup\src\core\command.c(18414,30): error C2466: cannot allocate an array of constant size 0 [D:\a\ddup\ddup\build\ddup_core.vcxproj]
D:\a\ddup\ddup\src\core\command.c(18414,25): error C2133: 'vals': unknown size [D:\a\ddup\ddup\build\ddup_core.vcxproj]
D:\a\ddup\ddup\src\core\command.c(18415,25): error C2057: expected constant expression [D:\a\ddup\ddup\build\ddup_core.vcxproj]
D:\a\ddup\ddup\src\core\command.c(18415,25): error C2466: cannot allocate an array of constant size 0 [D:\a\ddup\ddup\build\ddup_core.vcxproj]
D:\a\ddup\ddup\src\core\command.c(18415,20): error C2133: 'lens': unknown size [D:\a\ddup\ddup\build\ddup_core.vcxproj]
D:\a\ddup\ddup\src\core\command.c(18807,27): warning C4456: declaration of 'idx' hides previous local declaration [D:\a\ddup\ddup\build\ddup_core.vcxproj]
      D:\a\ddup\ddup\src\core\command.c(18770,23):
      see declaration of 'idx'
  
D:\a\ddup\ddup\src\core\command.c(19329,18): warning C4457: declaration of 's' hides function parameter [D:\a\ddup\ddup\build\ddup_core.vcxproj]
      D:\a\ddup\ddup\src\core\command.c(12922,39):
      see declaration of 's'
  
D:\a\ddup\ddup\src\core\command.c(19362,18): warning C4457: declaration of 's' hides function parameter [D:\a\ddup\ddup\build\ddup_core.vcxproj]
      D:\a\ddup\ddup\src\core\command.c(12922,39):
      see declaration of 's'
  
D:\a\ddup\ddup\src\core\command.c(19395,18): warning C4457: declaration of 's' hides function parameter [D:\a\ddup\ddup\build\ddup_core.vcxproj]
      D:\a\ddup\ddup\src\core\command.c(12922,39):
      see declaration of 's'
  
D:\a\ddup\ddup\src\core\command.c(19412,18): warning C4457: declaration of 's' hides function parameter [D:\a\ddup\ddup\build\ddup_core.vcxproj]
      D:\a\ddup\ddup\src\core\command.c(12922,39):
      see declaration of 's'
  
D:\a\ddup\ddup\src\core\command.c(19436,18): warning C4457: declaration of 's' hides function parameter [D:\a\ddup\ddup\build\ddup_core.vcxproj]
      D:\a\ddup\ddup\src\core\command.c(12922,39):
      see declaration of 's'
  
D:\a\ddup\ddup\src\core\command.c(19454,18): warning C4457: declaration of 's' hides function parameter [D:\a\ddup\ddup\build\ddup_core.vcxproj]
      D:\a\ddup\ddup\src\core\command.c(12922,39):
      see declaration of 's'
  
D:\a\ddup\ddup\src\core\command.c(19496,18): warning C4457: declaration of 's' hides function parameter [D:\a\ddup\ddup\build\ddup_core.vcxproj]
      D:\a\ddup\ddup\src\core\command.c(12922,39):
      see declaration of 's'
  
D:\a\ddup\ddup\src\core\command.c(19927,26): warning C4457: declaration of 's' hides function parameter [D:\a\ddup\ddup\build\ddup_core.vcxproj]
      D:\a\ddup\ddup\src\core\command.c(12922,39):
      see declaration of 's'
  
D:\a\ddup\ddup\src\core\command.c(21977,35): error C2057: expected constant expression [D:\a\ddup\ddup\build\ddup_core.vcxproj]
D:\a\ddup\ddup\src\core\command.c(21977,30): error C2466: cannot allocate an array of constant size 0 [D:\a\ddup\ddup\build\ddup_core.vcxproj]
D:\a\ddup\ddup\src\core\command.c(21977,23): error C2133: 'counts': unknown size [D:\a\ddup\ddup\build\ddup_core.vcxproj]
D:\a\ddup\ddup\src\core\command.c(21978,38): error C2057: expected constant expression [D:\a\ddup\ddup\build\ddup_core.vcxproj]
D:\a\ddup\ddup\src\core\command.c(21978,33): error C2466: cannot allocate an array of constant size 0 [D:\a\ddup\ddup\build\ddup_core.vcxproj]
D:\a\ddup\ddup\src\core\command.c(21978,27): error C2133: 'added': unknown size [D:\a\ddup\ddup\build\ddup_core.vcxproj]
D:\a\ddup\ddup\src\core\command.c(22073,35): error C2057: expected constant expression [D:\a\ddup\ddup\build\ddup_core.vcxproj]
D:\a\ddup\ddup\src\core\command.c(22073,30): error C2466: cannot allocate an array of constant size 0 [D:\a\ddup\ddup\build\ddup_core.vcxproj]
D:\a\ddup\ddup\src\core\command.c(22073,23): error C2133: 'counts': unknown size [D:\a\ddup\ddup\build\ddup_core.vcxproj]
D:\a\ddup\ddup\src\core\command.c(22074,38): error C2057: expected constant expression [D:\a\ddup\ddup\build\ddup_core.vcxproj]
D:\a\ddup\ddup\src\core\command.c(22074,33): error C2466: cannot allocate an array of constant size 0 [D:\a\ddup\ddup\build\ddup_core.vcxproj]
D:\a\ddup\ddup\src\core\command.c(22074,27): error C2133: 'added': unknown size [D:\a\ddup\ddup\build\ddup_core.vcxproj]
D:\a\ddup\ddup\src\core\command.c(22189,35): error C2057: expected constant expression [D:\a\ddup\ddup\build\ddup_core.vcxproj]
D:\a\ddup\ddup\src\core\command.c(22189,30): error C2466: cannot allocate an array of constant size 0 [D:\a\ddup\ddup\build\ddup_core.vcxproj]
D:\a\ddup\ddup\src\core\command.c(22189,23): error C2133: 'counts': unknown size [D:\a\ddup\ddup\build\ddup_core.vcxproj]
D:\a\ddup\ddup\src\core\command.c(22190,38): error C2057: expected constant expression [D:\a\ddup\ddup\build\ddup_core.vcxproj]
D:\a\ddup\ddup\src\core\command.c(22190,33): error C2466: cannot allocate an array of constant size 0 [D:\a\ddup\ddup\build\ddup_core.vcxproj]
D:\a\ddup\ddup\src\core\command.c(22190,27): error C2133: 'added': unknown size [D:\a\ddup\ddup\build\ddup_core.vcxproj]
  buf_pool.c
  tier.c
D:\a\ddup\ddup\src\core\tier.c(210,15): warning C4996: 'strdup': The POSIX name for this item is deprecated. Instead, use the ISO C and C++ conformant name: _strdup. See online help for details. [D:\a\ddup\ddup\build\ddup_core.vcxproj]
  obj.c
  glob.c
  listpack.c
  quicklist.c
  skiplist.c
  stream.c
  Compiling...
  session.c
  config.c
  snapshot.c
D:\a\ddup\ddup\src\core\snapshot.c(1250,13): warning C4456: declaration of 'tmps' hides previous local declaration [D:\a\ddup\ddup\build\ddup_core.vcxproj]
      D:\a\ddup\ddup\src\core\snapshot.c(1169,9):
      see declaration of 'tmps'
  
D:\a\ddup\ddup\src\core\snapshot.c(1251,15): warning C4456: declaration of 'segs' hides previous local declaration [D:\a\ddup\ddup\build\ddup_core.vcxproj]
      D:\a\ddup\ddup\src\core\snapshot.c(1170,11):
      see declaration of 'segs'
  
D:\a\ddup\ddup\src\core\snapshot.c(1252,13): warning C4456: declaration of 'i' hides previous local declaration [D:\a\ddup\ddup\build\ddup_core.vcxproj]
      D:\a\ddup\ddup\src\core\snapshot.c(1172,9):
      see declaration of 'i'
  
D:\a\ddup\ddup\src\core\snapshot.c(1253,13): warning C4456: declaration of 'ok' hides previous local declaration [D:\a\ddup\ddup\build\ddup_core.vcxproj]
      D:\a\ddup\ddup\src\core\snapshot.c(1171,9):
      see declaration of 'ok'
  
  crc64.c
  migrate.c
  sha1.c
  script.c
D:\a\ddup\ddup\src\core\script.c(336,46): warning C4244: 'function': conversion from 'lua_Number' to 'int', possible loss of data [D:\a\ddup\ddup\build\ddup_core.vcxproj]
D:\a\ddup\ddup\src\core\script.c(481,51): warning C4244: 'function': conversion from 'lua_Number' to 'int', possible loss of data [D:\a\ddup\ddup\build\ddup_core.vcxproj]
D:\a\ddup\ddup\src\core\script.c(491,49): warning C4244: 'function': conversion from 'lua_Number' to 'int', possible loss of data [D:\a\ddup\ddup\build\ddup_core.vcxproj]
D:\a\ddup\ddup\src\core\script.c(529,42): warning C4244: 'function': conversion from 'lua_Number' to 'int', possible loss of data [D:\a\ddup\ddup\build\ddup_core.vcxproj]
D:\a\ddup\ddup\src\core\script.c(535,42): warning C4244: 'function': conversion from 'lua_Number' to 'int', possible loss of data [D:\a\ddup\ddup\build\ddup_core.vcxproj]
  redbus.c
  hashslot.c
  cluster.c
  acl.c
D:\a\ddup\ddup\src\core\acl.c(390,16): warning C4456: declaration of 'first' hides previous local declaration [D:\a\ddup\ddup\build\ddup_core.vcxproj]
      D:\a\ddup\ddup\src\core\acl.c(373,15):
      see declaration of 'first'
  
D:\a\ddup\ddup\src\core\acl.c(390,32): warning C4456: declaration of 'i' hides previous local declaration [D:\a\ddup\ddup\build\ddup_core.vcxproj]
      D:\a\ddup\ddup\src\core\acl.c(373,12):
      see declaration of 'i'
  
  resp_parser.c
  resp_writer.c
  server.c
D:\a\ddup\ddup\src\server\server.c(1291,20): warning C4456: declaration of 'i' hides previous local declaration [D:\a\ddup\ddup\build\ddup_core.vcxproj]
      D:\a\ddup\ddup\src\server\server.c(1155,12):
      see declaration of 'i'
  
D:\a\ddup\ddup\src\server\server.c(1293,30): error C2057: expected constant expression [D:\a\ddup\ddup\build\ddup_core.vcxproj]
D:\a\ddup\ddup\src\server\server.c(1293,30): error C2466: cannot allocate an array of constant size 0 [D:\a\ddup\ddup\build\ddup_core.vcxproj]
D:\a\ddup\ddup\src\server\server.c(1293,20): error C2133: 'cpu_order': unknown size [D:\a\ddup\ddup\build\ddup_core.vcxproj]
D:\a\ddup\ddup\src\server\server.c(1294,30): error C2057: expected constant expression [D:\a\ddup\ddup\build\ddup_core.vcxproj]
D:\a\ddup\ddup\src\server\server.c(1294,30): error C2466: cannot allocate an array of constant size 0 [D:\a\ddup\ddup\build\ddup_core.vcxproj]
D:\a\ddup\ddup\src\server\server.c(1294,20): error C2133: 'net_order': unknown size [D:\a\ddup\ddup\build\ddup_core.vcxproj]
D:\a\ddup\ddup\src\server\server.c(5730,17): warning C4456: declaration of 'i' hides previous local declaration [D:\a\ddup\ddup\build\ddup_core.vcxproj]
      D:\a\ddup\ddup\src\server\server.c(5712,9):
      see declaration of 'i'
  
  mt_server.c
D:\a\ddup\ddup\src\server\mt_server.c(3121,20): warning C4456: declaration of 'i' hides previous local declaration [D:\a\ddup\ddup\build\ddup_core.vcxproj]
      D:\a\ddup\ddup\src\server\mt_server.c(3059,9):
      see declaration of 'i'
  
D:\a\ddup\ddup\src\server\mt_server.c(4323,18): warning C4456: declaration of 'seq' hides previous local declaration [D:\a\ddup\ddup\build\ddup_core.vcxproj]
      D:\a\ddup\ddup\src\server\mt_server.c(4299,14):
      see declaration of 'seq'
  
D:\a\ddup\ddup\src\server\mt_server.c(4427,18): warning C4456: declaration of 'seq' hides previous local declaration [D:\a\ddup\ddup\build\ddup_core.vcxproj]
      D:\a\ddup\ddup\src\server\mt_server.c(4299,14):
      see declaration of 'seq'
  
D:\a\ddup\ddup\src\server\mt_server.c(5842,12): warning C4090: 'function': different 'const' qualifiers [D:\a\ddup\ddup\build\ddup_core.vcxproj]
D:\a\ddup\ddup\src\server\mt_server.c(5957,25): warning C4090: 'function': different 'const' qualifiers [D:\a\ddup\ddup\build\ddup_core.vcxproj]
  aof.c
  repl.c
  Building Custom Rule D:/a/ddup/ddup/CMakeLists.txt
  pal_time.c
  pal_socket.c
  pal_event.c
  pal_file.c
  pal_tls.c
  pal_iocp.c
  pal_iouring_op.c
  pal_thread.c
  pal_wakeup.c
  arena.c
  rhtable.c
  command.c
D:\a\ddup\ddup\src\core\command.c(5066,21): warning C4244: 'initializing': conversion from 'uint32_t' to 'uint16_t', possible loss of data [D:\a\ddup\ddup\build\ddup_core_test.vcxproj]
D:\a\ddup\ddup\src\core\command.c(13344,25): warning C4457: declaration of 's' hides function parameter [D:\a\ddup\ddup\build\ddup_core_test.vcxproj]
      D:\a\ddup\ddup\src\core\command.c(12922,39):
      see declaration of 's'
  
D:\a\ddup\ddup\src\core\command.c(13715,21): warning C4457: declaration of 's' hides function parameter [D:\a\ddup\ddup\build\ddup_core_test.vcxproj]
      D:\a\ddup\ddup\src\core\command.c(12922,39):
      see declaration of 's'
  
D:\a\ddup\ddup\src\core\command.c(13735,25): warning C4457: declaration of 's' hides function parameter [D:\a\ddup\ddup\build\ddup_core_test.vcxproj]
      D:\a\ddup\ddup\src\core\command.c(12922,39):
      see declaration of 's'
  
D:\a\ddup\ddup\src\core\command.c(14402,25): warning C4457: declaration of 's' hides function parameter [D:\a\ddup\ddup\build\ddup_core_test.vcxproj]
      D:\a\ddup\ddup\src\core\command.c(12922,39):
      see declaration of 's'
  
D:\a\ddup\ddup\src\core\command.c(14495,25): warning C4457: declaration of 's' hides function parameter [D:\a\ddup\ddup\build\ddup_core_test.vcxproj]
      D:\a\ddup\ddup\src\core\command.c(12922,39):
      see declaration of 's'
  
D:\a\ddup\ddup\src\core\command.c(14865,33): warning C4457: declaration of 's' hides function parameter [D:\a\ddup\ddup\build\ddup_core_test.vcxproj]
      D:\a\ddup\ddup\src\core\command.c(12922,39):
      see declaration of 's'
  
D:\a\ddup\ddup\src\core\command.c(14957,41): warning C4457: declaration of 's' hides function parameter [D:\a\ddup\ddup\build\ddup_core_test.vcxproj]
      D:\a\ddup\ddup\src\core\command.c(12922,39):
      see declaration of 's'
  
D:\a\ddup\ddup\src\core\command.c(15001,37): warning C4457: declaration of 's' hides function parameter [D:\a\ddup\ddup\build\ddup_core_test.vcxproj]
      D:\a\ddup\ddup\src\core\command.c(12922,39):
      see declaration of 's'
  
D:\a\ddup\ddup\src\core\command.c(15048,25): warning C4457: declaration of 's' hides function parameter [D:\a\ddup\ddup\build\ddup_core_test.vcxproj]
      D:\a\ddup\ddup\src\core\command.c(12922,39):
      see declaration of 's'
  
D:\a\ddup\ddup\src\core\command.c(15119,25): warning C4457: declaration of 's' hides function parameter [D:\a\ddup\ddup\build\ddup_core_test.vcxproj]
      D:\a\ddup\ddup\src\core\command.c(12922,39):
      see declaration of 's'
  
D:\a\ddup\ddup\src\core\command.c(15221,29): warning C4457: declaration of 's' hides function parameter [D:\a\ddup\ddup\build\ddup_core_test.vcxproj]
      D:\a\ddup\ddup\src\core\command.c(12922,39):
      see declaration of 's'
  
D:\a\ddup\ddup\src\core\command.c(15304,25): warning C4457: declaration of 's' hides function parameter [D:\a\ddup\ddup\build\ddup_core_test.vcxproj]
      D:\a\ddup\ddup\src\core\command.c(12922,39):
      see declaration of 's'
  
D:\a\ddup\ddup\src\core\command.c(15369,25): warning C4457: declaration of 's' hides function parameter [D:\a\ddup\ddup\build\ddup_core_test.vcxproj]
      D:\a\ddup\ddup\src\core\command.c(12922,39):
      see declaration of 's'
  
D:\a\ddup\ddup\src\core\command.c(15418,29): warning C4457: declaration of 's' hides function parameter [D:\a\ddup\ddup\build\ddup_core_test.vcxproj]
      D:\a\ddup\ddup\src\core\command.c(12922,39):
      see declaration of 's'
  
D:\a\ddup\ddup\src\core\command.c(15567,29): warning C4457: declaration of 's' hides function parameter [D:\a\ddup\ddup\build\ddup_core_test.vcxproj]
      D:\a\ddup\ddup\src\core\command.c(12922,39):
      see declaration of 's'
  
D:\a\ddup\ddup\src\core\command.c(15578,29): warning C4457: declaration of 's' hides function parameter [D:\a\ddup\ddup\build\ddup_core_test.vcxproj]
      D:\a\ddup\ddup\src\core\command.c(12922,39):
      see declaration of 's'
  
D:\a\ddup\ddup\src\core\command.c(15595,29): warning C4457: declaration of 's' hides function parameter [D:\a\ddup\ddup\build\ddup_core_test.vcxproj]
      D:\a\ddup\ddup\src\core\command.c(12922,39):
      see declaration of 's'
  
D:\a\ddup\ddup\src\core\command.c(15607,29): warning C4457: declaration of 's' hides function parameter [D:\a\ddup\ddup\build\ddup_core_test.vcxproj]
      D:\a\ddup\ddup\src\core\command.c(12922,39):
      see declaration of 's'
  
D:\a\ddup\ddup\src\core\command.c(15644,29): warning C4457: declaration of 's' hides function parameter [D:\a\ddup\ddup\build\ddup_core_test.vcxproj]
      D:\a\ddup\ddup\src\core\command.c(12922,39):
      see declaration of 's'
  
D:\a\ddup\ddup\src\core\command.c(15714,25): warning C4457: declaration of 's' hides function parameter [D:\a\ddup\ddup\build\ddup_core_test.vcxproj]
      D:\a\ddup\ddup\src\core\command.c(12922,39):
      see declaration of 's'
  
D:\a\ddup\ddup\src\core\command.c(15963,21): warning C4457: declaration of 's' hides function parameter [D:\a\ddup\ddup\build\ddup_core_test.vcxproj]
      D:\a\ddup\ddup\src\core\command.c(12922,39):
      see declaration of 's'
  
D:\a\ddup\ddup\src\core\command.c(16020,21): warning C4457: declaration of 's' hides function parameter [D:\a\ddup\ddup\build\ddup_core_test.vcxproj]
      D:\a\ddup\ddup\src\core\command.c(12922,39):
      see declaration of 's'
  
D:\a\ddup\ddup\src\core\command.c(16354,29): warning C4457: declaration of 's' hides function parameter [D:\a\ddup\ddup\build\ddup_core_test.vcxproj]
      D:\a\ddup\ddup\src\core\command.c(12922,39):
      see declaration of 's'
  
D:\a\ddup\ddup\src\core\command.c(16686,18): warning C4457: declaration of 's' hides function parameter [D:\a\ddup\ddup\build\ddup_core_test.vcxproj]
      D:\a\ddup\ddup\src\core\command.c(12922,39):
      see declaration of 's'
  
D:\a\ddup\ddup\src\core\command.c(18414,30): error C2057: expected constant expression [D:\a\ddup\ddup\build\ddup_core_test.vcxproj]
D:\a\ddup\ddup\src\core\command.c(18414,30): error C2466: cannot allocate an array of constant size 0 [D:\a\ddup\ddup\build\ddup_core_test.vcxproj]
D:\a\ddup\ddup\src\core\command.c(18414,25): error C2133: 'vals': unknown size [D:\a\ddup\ddup\build\ddup_core_test.vcxproj]
D:\a\ddup\ddup\src\core\command.c(18415,25): error C2057: expected constant expression [D:\a\ddup\ddup\build\ddup_core_test.vcxproj]
D:\a\ddup\ddup\src\core\command.c(18415,25): error C2466: cannot allocate an array of constant size 0 [D:\a\ddup\ddup\build\ddup_core_test.vcxproj]
D:\a\ddup\ddup\src\core\command.c(18415,20): error C2133: 'lens': unknown size [D:\a\ddup\ddup\build\ddup_core_test.vcxproj]
D:\a\ddup\ddup\src\core\command.c(18807,27): warning C4456: declaration of 'idx' hides previous local declaration [D:\a\ddup\ddup\build\ddup_core_test.vcxproj]
      D:\a\ddup\ddup\src\core\command.c(18770,23):
      see declaration of 'idx'
  
D:\a\ddup\ddup\src\core\command.c(19329,18): warning C4457: declaration of 's' hides function parameter [D:\a\ddup\ddup\build\ddup_core_test.vcxproj]
      D:\a\ddup\ddup\src\core\command.c(12922,39):
      see declaration of 's'
  
D:\a\ddup\ddup\src\core\command.c(19362,18): warning C4457: declaration of 's' hides function parameter [D:\a\ddup\ddup\build\ddup_core_test.vcxproj]
      D:\a\ddup\ddup\src\core\command.c(12922,39):
      see declaration of 's'
  
D:\a\ddup\ddup\src\core\command.c(19395,18): warning C4457: declaration of 's' hides function parameter [D:\a\ddup\ddup\build\ddup_core_test.vcxproj]
      D:\a\ddup\ddup\src\core\command.c(12922,39):
      see declaration of 's'
  
D:\a\ddup\ddup\src\core\command.c(19412,18): warning C4457: declaration of 's' hides function parameter [D:\a\ddup\ddup\build\ddup_core_test.vcxproj]
      D:\a\ddup\ddup\src\core\command.c(12922,39):
      see declaration of 's'
  
D:\a\ddup\ddup\src\core\command.c(19436,18): warning C4457: declaration of 's' hides function parameter [D:\a\ddup\ddup\build\ddup_core_test.vcxproj]
      D:\a\ddup\ddup\src\core\command.c(12922,39):
      see declaration of 's'
  
D:\a\ddup\ddup\src\core\command.c(19454,18): warning C4457: declaration of 's' hides function parameter [D:\a\ddup\ddup\build\ddup_core_test.vcxproj]
      D:\a\ddup\ddup\src\core\command.c(12922,39):
      see declaration of 's'
  
D:\a\ddup\ddup\src\core\command.c(19496,18): warning C4457: declaration of 's' hides function parameter [D:\a\ddup\ddup\build\ddup_core_test.vcxproj]
      D:\a\ddup\ddup\src\core\command.c(12922,39):
      see declaration of 's'
  
D:\a\ddup\ddup\src\core\command.c(19927,26): warning C4457: declaration of 's' hides function parameter [D:\a\ddup\ddup\build\ddup_core_test.vcxproj]
      D:\a\ddup\ddup\src\core\command.c(12922,39):
      see declaration of 's'
  
D:\a\ddup\ddup\src\core\command.c(21977,35): error C2057: expected constant expression [D:\a\ddup\ddup\build\ddup_core_test.vcxproj]
D:\a\ddup\ddup\src\core\command.c(21977,30): error C2466: cannot allocate an array of constant size 0 [D:\a\ddup\ddup\build\ddup_core_test.vcxproj]
D:\a\ddup\ddup\src\core\command.c(21977,23): error C2133: 'counts': unknown size [D:\a\ddup\ddup\build\ddup_core_test.vcxproj]
D:\a\ddup\ddup\src\core\command.c(21978,38): error C2057: expected constant expression [D:\a\ddup\ddup\build\ddup_core_test.vcxproj]
D:\a\ddup\ddup\src\core\command.c(21978,33): error C2466: cannot allocate an array of constant size 0 [D:\a\ddup\ddup\build\ddup_core_test.vcxproj]
D:\a\ddup\ddup\src\core\command.c(21978,27): error C2133: 'added': unknown size [D:\a\ddup\ddup\build\ddup_core_test.vcxproj]
D:\a\ddup\ddup\src\core\command.c(22073,35): error C2057: expected constant expression [D:\a\ddup\ddup\build\ddup_core_test.vcxproj]
D:\a\ddup\ddup\src\core\command.c(22073,30): error C2466: cannot allocate an array of constant size 0 [D:\a\ddup\ddup\build\ddup_core_test.vcxproj]
D:\a\ddup\ddup\src\core\command.c(22073,23): error C2133: 'counts': unknown size [D:\a\ddup\ddup\build\ddup_core_test.vcxproj]
D:\a\ddup\ddup\src\core\command.c(22074,38): error C2057: expected constant expression [D:\a\ddup\ddup\build\ddup_core_test.vcxproj]
D:\a\ddup\ddup\src\core\command.c(22074,33): error C2466: cannot allocate an array of constant size 0 [D:\a\ddup\ddup\build\ddup_core_test.vcxproj]
D:\a\ddup\ddup\src\core\command.c(22074,27): error C2133: 'added': unknown size [D:\a\ddup\ddup\build\ddup_core_test.vcxproj]
D:\a\ddup\ddup\src\core\command.c(22189,35): error C2057: expected constant expression [D:\a\ddup\ddup\build\ddup_core_test.vcxproj]
D:\a\ddup\ddup\src\core\command.c(22189,30): error C2466: cannot allocate an array of constant size 0 [D:\a\ddup\ddup\build\ddup_core_test.vcxproj]
D:\a\ddup\ddup\src\core\command.c(22189,23): error C2133: 'counts': unknown size [D:\a\ddup\ddup\build\ddup_core_test.vcxproj]
D:\a\ddup\ddup\src\core\command.c(22190,38): error C2057: expected constant expression [D:\a\ddup\ddup\build\ddup_core_test.vcxproj]
D:\a\ddup\ddup\src\core\command.c(22190,33): error C2466: cannot allocate an array of constant size 0 [D:\a\ddup\ddup\build\ddup_core_test.vcxproj]
D:\a\ddup\ddup\src\core\command.c(22190,27): error C2133: 'added': unknown size [D:\a\ddup\ddup\build\ddup_core_test.vcxproj]
  buf_pool.c
  tier.c
D:\a\ddup\ddup\src\core\tier.c(210,15): warning C4996: 'strdup': The POSIX name for this item is deprecated. Instead, use the ISO C and C++ conformant name: _strdup. See online help for details. [D:\a\ddup\ddup\build\ddup_core_test.vcxproj]
  obj.c
  glob.c
  listpack.c
  quicklist.c
  skiplist.c
  stream.c
  Compiling...
  session.c
  config.c
  snapshot.c
D:\a\ddup\ddup\src\core\snapshot.c(1250,13): warning C4456: declaration of 'tmps' hides previous local declaration [D:\a\ddup\ddup\build\ddup_core_test.vcxproj]
      D:\a\ddup\ddup\src\core\snapshot.c(1169,9):
      see declaration of 'tmps'
  
D:\a\ddup\ddup\src\core\snapshot.c(1251,15): warning C4456: declaration of 'segs' hides previous local declaration [D:\a\ddup\ddup\build\ddup_core_test.vcxproj]
      D:\a\ddup\ddup\src\core\snapshot.c(1170,11):
      see declaration of 'segs'
  
D:\a\ddup\ddup\src\core\snapshot.c(1252,13): warning C4456: declaration of 'i' hides previous local declaration [D:\a\ddup\ddup\build\ddup_core_test.vcxproj]
      D:\a\ddup\ddup\src\core\snapshot.c(1172,9):
      see declaration of 'i'
  
D:\a\ddup\ddup\src\core\snapshot.c(1253,13): warning C4456: declaration of 'ok' hides previous local declaration [D:\a\ddup\ddup\build\ddup_core_test.vcxproj]
      D:\a\ddup\ddup\src\core\snapshot.c(1171,9):
      see declaration of 'ok'
  
  crc64.c
  migrate.c
  sha1.c
  script.c
D:\a\ddup\ddup\src\core\script.c(336,46): warning C4244: 'function': conversion from 'lua_Number' to 'int', possible loss of data [D:\a\ddup\ddup\build\ddup_core_test.vcxproj]
D:\a\ddup\ddup\src\core\script.c(481,51): warning C4244: 'function': conversion from 'lua_Number' to 'int', possible loss of data [D:\a\ddup\ddup\build\ddup_core_test.vcxproj]
D:\a\ddup\ddup\src\core\script.c(491,49): warning C4244: 'function': conversion from 'lua_Number' to 'int', possible loss of data [D:\a\ddup\ddup\build\ddup_core_test.vcxproj]
D:\a\ddup\ddup\src\core\script.c(529,42): warning C4244: 'function': conversion from 'lua_Number' to 'int', possible loss of data [D:\a\ddup\ddup\build\ddup_core_test.vcxproj]
D:\a\ddup\ddup\src\core\script.c(535,42): warning C4244: 'function': conversion from 'lua_Number' to 'int', possible loss of data [D:\a\ddup\ddup\build\ddup_core_test.vcxproj]
  redbus.c
  hashslot.c
  cluster.c
  acl.c
D:\a\ddup\ddup\src\core\acl.c(390,16): warning C4456: declaration of 'first' hides previous local declaration [D:\a\ddup\ddup\build\ddup_core_test.vcxproj]
      D:\a\ddup\ddup\src\core\acl.c(373,15):
      see declaration of 'first'
  
D:\a\ddup\ddup\src\core\acl.c(390,32): warning C4456: declaration of 'i' hides previous local declaration [D:\a\ddup\ddup\build\ddup_core_test.vcxproj]
      D:\a\ddup\ddup\src\core\acl.c(373,12):
      see declaration of 'i'
  
  resp_parser.c
  resp_writer.c
  server.c
D:\a\ddup\ddup\src\server\server.c(1291,20): warning C4456: declaration of 'i' hides previous local declaration [D:\a\ddup\ddup\build\ddup_core_test.vcxproj]
      D:\a\ddup\ddup\src\server\server.c(1155,12):
      see declaration of 'i'
  
D:\a\ddup\ddup\src\server\server.c(1293,30): error C2057: expected constant expression [D:\a\ddup\ddup\build\ddup_core_test.vcxproj]
D:\a\ddup\ddup\src\server\server.c(1293,30): error C2466: cannot allocate an array of constant size 0 [D:\a\ddup\ddup\build\ddup_core_test.vcxproj]
D:\a\ddup\ddup\src\server\server.c(1293,20): error C2133: 'cpu_order': unknown size [D:\a\ddup\ddup\build\ddup_core_test.vcxproj]
D:\a\ddup\ddup\src\server\server.c(1294,30): error C2057: expected constant expression [D:\a\ddup\ddup\build\ddup_core_test.vcxproj]
D:\a\ddup\ddup\src\server\server.c(1294,30): error C2466: cannot allocate an array of constant size 0 [D:\a\ddup\ddup\build\ddup_core_test.vcxproj]
D:\a\ddup\ddup\src\server\server.c(1294,20): error C2133: 'net_order': unknown size [D:\a\ddup\ddup\build\ddup_core_test.vcxproj]
D:\a\ddup\ddup\src\server\server.c(5730,17): warning C4456: declaration of 'i' hides previous local declaration [D:\a\ddup\ddup\build\ddup_core_test.vcxproj]
      D:\a\ddup\ddup\src\server\server.c(5712,9):
      see declaration of 'i'
  
  mt_server.c
D:\a\ddup\ddup\src\server\mt_server.c(3121,20): warning C4456: declaration of 'i' hides previous local declaration [D:\a\ddup\ddup\build\ddup_core_test.vcxproj]
      D:\a\ddup\ddup\src\server\mt_server.c(3059,9):
      see declaration of 'i'
  
D:\a\ddup\ddup\src\server\mt_server.c(4323,18): warning C4456: declaration of 'seq' hides previous local declaration [D:\a\ddup\ddup\build\ddup_core_test.vcxproj]
      D:\a\ddup\ddup\src\server\mt_server.c(4299,14):
      see declaration of 'seq'
  
D:\a\ddup\ddup\src\server\mt_server.c(4427,18): warning C4456: declaration of 'seq' hides previous local declaration [D:\a\ddup\ddup\build\ddup_core_test.vcxproj]
      D:\a\ddup\ddup\src\server\mt_server.c(4299,14):
      see declaration of 'seq'
  
D:\a\ddup\ddup\src\server\mt_server.c(5842,12): warning C4090: 'function': different 'const' qualifiers [D:\a\ddup\ddup\build\ddup_core_test.vcxproj]
D:\a\ddup\ddup\src\server\mt_server.c(5957,25): warning C4090: 'function': different 'const' qualifiers [D:\a\ddup\ddup\build\ddup_core_test.vcxproj]
  aof.c
  repl.c
