+ MTPID=6478
+ sleep 2
+ ./build/ddup-server --port 7777 --io-threads 4
++ seq 1 12
+ for i in $(seq 1 12)
+ timeout 60 redis-benchmark -p 7777 -t set -n 200000 -c 50 -P 16 -d 16 -q
+ tr '\r' '\n'
+ grep -i 'requests per second'
+ head -1
SET: 609756.06 requests per second, p50=1.271 msec
+ timeout 5 redis-cli -p 7777 PING
+ echo 'round 1 alive'
round 1 alive
+ for i in $(seq 1 12)
+ timeout 60 redis-benchmark -p 7777 -t set -n 200000 -c 50 -P 16 -d 16 -q
+ tr '\r' '\n'
+ grep -i 'requests per second'
+ head -1
SET: 593471.81 requests per second, p50=1.279 msec
+ timeout 5 redis-cli -p 7777 PING
+ echo 'round 2 alive'
round 2 alive
+ for i in $(seq 1 12)
+ timeout 60 redis-benchmark -p 7777 -t set -n 200000 -c 50 -P 16 -d 16 -q
+ tr '\r' '\n'
+ grep -i 'requests per second'
+ head -1
SET: 593471.81 requests per second, p50=1.271 msec
+ timeout 5 redis-cli -p 7777 PING
+ echo 'round 3 alive'
round 3 alive
+ for i in $(seq 1 12)
+ timeout 60 redis-benchmark -p 7777 -t set -n 200000 -c 50 -P 16 -d 16 -q
+ tr '\r' '\n'
+ grep -i 'requests per second'
+ head -1
SET: 613496.94 requests per second, p50=1.271 msec
+ timeout 5 redis-cli -p 7777 PING
+ echo 'round 4 alive'
round 4 alive
+ for i in $(seq 1 12)
+ timeout 60 redis-benchmark -p 7777 -t set -n 200000 -c 50 -P 16 -d 16 -q
+ tr '\r' '\n'
+ grep -i 'requests per second'
+ head -1
SET: 606060.56 requests per second, p50=1.271 msec
+ timeout 5 redis-cli -p 7777 PING
+ echo 'round 5 alive'
round 5 alive
+ for i in $(seq 1 12)
+ timeout 60 redis-benchmark -p 7777 -t set -n 200000 -c 50 -P 16 -d 16 -q
+ tr '\r' '\n'
+ grep -i 'requests per second'
+ head -1
SET: 615384.62 requests per second, p50=1.271 msec
+ timeout 5 redis-cli -p 7777 PING
+ echo 'round 6 alive'
round 6 alive
+ for i in $(seq 1 12)
+ timeout 60 redis-benchmark -p 7777 -t set -n 200000 -c 50 -P 16 -d 16 -q
+ tr '\r' '\n'
+ grep -i 'requests per second'
+ head -1
SET: 598802.44 requests per second, p50=1.271 msec
+ timeout 5 redis-cli -p 7777 PING
+ echo 'round 7 alive'
round 7 alive
+ for i in $(seq 1 12)
+ timeout 60 redis-benchmark -p 7777 -t set -n 200000 -c 50 -P 16 -d 16 -q
+ tr '\r' '\n'
+ grep -i 'requests per second'
+ head -1
SET: 613496.94 requests per second, p50=1.263 msec
+ timeout 5 redis-cli -p 7777 PING
+ echo 'round 8 alive'
round 8 alive
+ for i in $(seq 1 12)
+ timeout 60 redis-benchmark -p 7777 -t set -n 200000 -c 50 -P 16 -d 16 -q
+ tr '\r' '\n'
+ grep -i 'requests per second'
+ head -1
SET: 606060.56 requests per second, p50=1.271 msec
+ timeout 5 redis-cli -p 7777 PING
+ echo 'round 9 alive'
round 9 alive
+ for i in $(seq 1 12)
+ timeout 60 redis-benchmark -p 7777 -t set -n 200000 -c 50 -P 16 -d 16 -q
+ tr '\r' '\n'
+ grep -i 'requests per second'
+ head -1
SET: 619195.00 requests per second, p50=1.263 msec
+ timeout 5 redis-cli -p 7777 PING
+ echo 'round 10 alive'
round 10 alive
+ for i in $(seq 1 12)
+ timeout 60 redis-benchmark -p 7777 -t set -n 200000 -c 50 -P 16 -d 16 -q
+ tr '\r' '\n'
+ grep -i 'requests per second'
+ head -1
SET: 617283.94 requests per second, p50=1.263 msec
+ timeout 5 redis-cli -p 7777 PING
+ echo 'round 11 alive'
round 11 alive
+ for i in $(seq 1 12)
+ timeout 60 redis-benchmark -p 7777 -t set -n 200000 -c 50 -P 16 -d 16 -q
+ tr '\r' '\n'
+ grep -i 'requests per second'
+ head -1
SET: 583090.38 requests per second, p50=1.271 msec
+ timeout 5 redis-cli -p 7777 PING
+ echo 'round 12 alive'
round 12 alive
+ cat /tmp/d7.log
ddup-server 0.1.0 (platform: linux, C standard: C23)
io backend: mt (4 workers)
listening on port 7777
